更新日期: 2026-5-25 23:11:08,http://hlsztemgsplive.miguvideo.com:8080/wd_r2/cctv/cctv1hd/1200/index.m3u8?msisdn=f863b466d46e2ff46401579155d4a125&mdspid=&spid=699004&netType=4&sid=2201057821&pid=2028597139&timestamp=20260525230956&Channel_ID=0116_2600037000-99000-200300220106316&ProgramID=608807420&ParentNodeID=-99&assertID=2201057821&client_ip=111.7.106.74&SecurityKey=20260525230956&promotionId=&mvid=2201057821&mcid=500020&playurlVersion=WX-A1-9.5.1.2-RELEASE&userid=1834153345&jmhm=f863b466d46e2ff46401579155d4a125&videocodec=h264&appCode=miguvideo_android&bean=mgspad&tid=android&conFee=0&encrypt=8587a5f4035ce6e5c19bd42fca1b3a4a
兵团卫视,https://hlsbkmgsplive.miguvideo.com/migu/kailu/btws/51/20250804/01.m3u8?&HlsSubType=&encrypt=
广东民生,http://38.75.136.137:98/gslb/dsdqpub/gdgg.m3u8?auth=testpub
广东新闻,http://38.75.136.137:98/gslb/dsdqpub/gdxw.m3u8?auth=testpub
广东影视,https://hlsbkmgsplive.miguvideo.com/wd_r1/2018/nfmedia/nfys/1000/01.m3u8?&HlsSubType=&encrypt=
长沙县新闻综合,https://liveplay-srs.voc.com.cn/hls/tv/203_10cdf5.m3u8
衡山综合,https://liveplay-srs.voc.com.cn/hls/tv/161_8d2e76.m3u8
龙山综合,https://liveplay-srs.voc.com.cn/hls/tv/146_f067fe.m3u8
平江综合,https://liveplay-srs.voc.com.cn/hls/tv/168_ce2a0c.m3u8
津市综合,https://liveplay-srs.voc.com.cn/hls/tv/187_2abf84.m3u8
花垣综合,https://liveplay-srs.voc.com.cn/hls/tv/134_d590ee.m3u8
临武综合,https://liveplay-srs.voc.com.cn/hls/tv/148_feda2f.m3u8
桂东融媒,https://liveplay-srs.voc.com.cn/hls/tv/174_6ab9f8.m3u8
衡阳县电视台,https://liveplay-srs.voc.com.cn/hls/tv/183_554704.m3u8
新化电视台,https://liveplay-srs.voc.com.cn/hls/tv/170_49c556.m3u8
桂阳新闻综合,https://liveplay-srs.voc.com.cn/hls/tv/7_7c833e.m3u8
屈原融媒体,https://liveplay-srs.voc.com.cn/hls/tv/167_0d6151.m3u8
新邵新闻综合,https://liveplay-srs.voc.com.cn/hls/tv/171_daca67.m3u8
耒阳电视台,https://liveplay-srs.voc.com.cn/hls/tv/27_e9e1e5.m3u8
永兴电视台,https://liveplay-srs.voc.com.cn/hls/tv/40_1d0ed0.m3u8
沅江电视台,https://liveplay-srs.voc.com.cn/hls/tv/163_2c7011.m3u8
蓝山电视台,https://liveplay-srs.voc.com.cn/hls/tv/26_370917.m3u8
芷江综合,https://liveplay-srs.voc.com.cn/hls/tv/20_68acda.m3u8
靖州综合,https://liveplay-srs.voc.com.cn/hls/tv/34_5156ed.m3u8
双峰电视台,https://liveplay-srs.voc.com.cn/hls/tv/131_acfb72.m3u8
嘉禾新闻综合,https://liveplay-srs.voc.com.cn/hls/tv/184_e3af1a.m3u8
城步电视台,https://liveplay-srs.voc.com.cn/hls/tv/169_b4d7a4.m3u8
衡东电视台,https://liveplay-srs.voc.com.cn/hls/tv/180_60f888.m3u8
汝城台,https://liveplay-srs.voc.com.cn/hls/tv/149_40cf24.m3u8
中方台,https://liveplay-srs.voc.com.cn/hls/tv/18_3aa230.m3u8
吉首综合,https://liveplay-srs.voc.com.cn/hls/tv/143_70175b.m3u8
安化综合,https://liveplay-srs.voc.com.cn/hls/tv/204_16cb0f.m3u8
古丈1,https://liveplay-srs.voc.com.cn/hls/tv/144_4efb38.m3u8
浙江钱江都市,http://ali-xwl.cztv.com/live/channel021080Plxw.m3u8
浙江钱江都市,http://ali-xwl.cztv.com/live/channel02720Plxw.m3u8
浙江经济生活,http://ali-xwl.cztv.com/live/channel031080Plxw.m3u8
浙江经济生活,http://ali-xwl.cztv.com/live/channel03720Plxw.m3u8
浙江民生休闲,http://ali-xwl.cztv.com/live/channel061080Plxw.m3u8
浙江民生休闲,http://ali-xwl.cztv.com/live/channel06720Plxw.m3u8
浙江新闻,http://ali-xwl.cztv.com/live/channel071080Plxw.m3u8
浙江新闻,http://ali-xwl.cztv.com/live/channel07720Plxw.m3u8
浙江教科影视,http://ali-xwl.cztv.com/live/channel041080Plxw.m3u8
浙江教科影视,http://ali-xwl.cztv.com/live/channel04720Plxw.m3u8
浙江国际,http://ali-xwl.cztv.com/live/channel101080Plxw.m3u8
浙江国际,http://ali-xwl.cztv.com/live/channel10720Plxw.m3u8
嵊州综合,http://l.cztvcloud.com/channels/lantian/SXshengzhou1/720p.m3u8
象山综合,http://l.cztvcloud.com/channels/lantian/SXxiangshan1/720p.m3u8
新昌综合,http://l.cztvcloud.com/channels/lantian/SXxinchang1/720p.m3u8
平湖新闻综合,http://l.cztvcloud.com/channels/lantian/SXpinghu1/720p.m3u8
平湖民生休闲,http://l.cztvcloud.com/channels/lantian/SXpinghu2/720p.m3u8
CGTN英语,https://english-livebkali.cgtn.com/live/encgtn_0.m3u8
青田电视台,http://l.cztvcloud.com/channels/lantian/SXqingtian1/720p.m3u8
CGTN纪录,https://english-livebkali.cgtn.com/live/doccgtn_0.m3u8
余姚新闻综合,http://l.cztvcloud.com/channels/lantian/SXyuyao1/720p.m3u8
CGTN西语,https://0472.org/hls/cgtnx.m3u8
萧山综合,http://l.cztvcloud.com/channels/lantian/SXxiaoshan1/720p.m3u8
CGTN法语,https://0472.org/hls/cgtnf.m3u8
萧山生活,http://l.cztvcloud.com/channels/lantian/SXxiaoshan2/720p.m3u8
CGTN阿语,https://0472.org/hls/cgtna.m3u8
上虞新闻综合,http://l.cztvcloud.com/channels/lantian/SXshangyu1/720p.m3u8
CGTN俄语,https://0472.org/hls/cgtne.m3u8
上虞文化影视,http://l.cztvcloud.com/channels/lantian/SXshangyu2/720p.m3u8
苏州4K,https://tylive.kan0512.com/norecord/csztv4k_4k.m3u8
普陀电视台,http://l.cztvcloud.com/channels/lantian/SXputuo1/720p.m3u8
河北4K,https://event.pull.hebtv.com:443/live/live101.m3u8
庆元电视台,http://l.cztvcloud.com/channels/lantian/SXqingyuan1/720p.m3u8
春晚1983,https://alimov2.a.kwimgs.com/upic/2022/01/31/15/BMjAyMjAxMzExNTU5MTRfNDAzMDAxOTlfNjYyNzMxNjcwMjBfMF8z_b_Beb3bda599f76c60c463c433ca7460153.mp4
东阳影视生活,http://l.cztvcloud.com/channels/lantian/SXdongyang1/720p.m3u8
春晚1984,https://alimov2.a.kwimgs.com/upic/2022/01/31/15/BMjAyMjAxMzExNTU5NTRfNDAzMDAxOTlfNjYyNzMyMzg3MTRfMF8z_b_B192356dadbc90d207ba16964d4c2914c.mp4
兰溪新闻综合,http://l.cztvcloud.com/channels/lantian/SXlanxi1/720p.m3u8
春晚1985,https://alimov2.a.kwimgs.com/upic/2022/01/31/16/BMjAyMjAxMzExNjAwMDFfNDAzMDAxOTlfNjYyNzMyNTAwMzJfMF8z_b_Be73c5abcbc0eeb2ec9fce6842e1362a4.mp4
缙云新闻综合,http://l.cztvcloud.com/channels/lantian/SXjinyun1/720p.m3u8
春晚1986,https://alimov2.a.kwimgs.com/upic/2022/01/31/16/BMjAyMjAxMzExNjAwMDRfNDAzMDAxOTlfNjYyNzMyNTU0OTRfMF8z_b_B24f7d19f1132fa5d7f502f8377ad5567.mp4
龙泉电视台,http://l.cztvcloud.com/channels/lantian/SXlongquan1/720p.m3u8
春晚1987,https://alimov2.a.kwimgs.com/upic/2022/01/31/16/BMjAyMjAxMzExNjAwMDhfNDAzMDAxOTlfNjYyNzMyNjMyMDNfMF8z_b_B570493ed8f7200d4013a66b2d21b2de9.mp4
南京新闻综合,http://nklive.nbs.cn/hls/d511bc9d-a694-4453-b3a2-4fc842cc97a1/index.m3u8
春晚1988,https://alimov2.a.kwimgs.com/upic/2022/01/31/16/BMjAyMjAxMzExNjAwMTJfNDAzMDAxOTlfNjYyNzMyNjkxNjBfMF8z_b_B8c835b83a92d25bde81ba22c5cd9521e.mp4
南京教科,http://nklive.nbs.cn/hls/75b3c462-b831-4de7-a34b-5d3221db2069/index.m3u8
春晚1989,https://alimov2.a.kwimgs.com/upic/2022/01/31/16/BMjAyMjAxMzExNjAwMTVfNDAzMDAxOTlfNjYyNzMyNzQ2OTlfMF8z_b_Be477b27b9ce655d2372df56a5a3d96ef.mp4
南京文旅纪录,http://nklive.nbs.cn/hls/9b2005c4-046c-422f-ba45-e6adc4f4de07/index.m3u8
春晚1990,https://cdn8.yzzy-online.com/20220704/597_e0d90c37/1000k/hls/index.m3u8
南京十八生活,http://nklive.nbs.cn/hls/1173a815-bfdb-4c3c-9f73-89ec37ae7716/index.m3u8
春晚1991,https://alimov2.a.kwimgs.com/upic/2022/01/31/16/BMjAyMjAxMzExNjI2MTVfNDAzMDAxOTlfNjYyNzYwNjUxNjVfMF8z_b_B8feb7b85888678d71bf37a259c6850f6.mp4
南京少儿,http://nklive.nbs.cn/hls/e0981f3f-1a20-4a59-b8d1-17feb83a4610/index.m3u8
春晚1992,https://txmov2.a.kwimgs.com/bs3/video-hls/5256826755663896297_hlshd15.m3u8
无锡新闻综合,http://stream.thmz.com/wxtv1/sd/live.m3u8
春晚1993,https://alimov2.a.kwimgs.com/upic/2023/01/13/22/BMjAyMzAxMTMyMjEwMDNfNDAzMDAxOTlfOTM1MTIzMzYwODJfMF8z_b_B647d10e431b4cc5e48e6c77347d69021.mp4
无锡都市资讯,http://stream.thmz.com/wxtv3/sd/live.m3u8
春晚1994,https://alimov2.a.kwimgs.com/upic/2023/01/13/22/BMjAyMzAxMTMyMjEwMDNfNDAzMDAxOTlfOTM1MTIzMzYxMjNfMF8z_b_B3dde97f36273f04403d4dc5eec611a35.mp4
无锡生活,http://stream.thmz.com/wxtv4/sd/live.m3u8
春晚1995,https://alimov2.a.kwimgs.com/upic/2023/01/13/20/BMjAyMzAxMTMyMDA5MjJfNDAzMDAxOTlfOTM0OTkwNDQwNzVfMF8z_b_B811c0dec6b9a3d3074a18522c185010a.mp4
无锡娱乐,http://stream.thmz.com/wxtv2/sd/live.m3u8
春晚1996,https://alimov2.a.kwimgs.com/upic/2023/01/13/22/BMjAyMzAxMTMyMjEwMDNfNDAzMDAxOTlfOTM1MTIzMzYxNTJfMF8z_b_Bd841eae10ab1c9955ef55fbedfae6c45.mp4
无锡经济,http://stream.thmz.com/wxtv5/sd/live.m3u8
春晚1997,https://txmov2.a.kwimgs.com/bs3/video-hls/5230649583590411879_hlshd15.m3u8
哈尔滨新闻综合,https://rmplive.hljtv.com/live/haerbin.m3u8
春晚1998,https://txmov2.a.kwimgs.com/bs3/video-hls/5225864507896315430_hlshd15.m3u8
哈尔滨新闻综合,https://stream.hrbtv.net/xwzh/sd/live.m3u8
春晚1999,https://alimov2.a.kwimgs.com/upic/2023/01/13/20/BMjAyMzAxMTMyMDA5MjJfNDAzMDAxOTlfOTM0OTkwNDQxNTRfMF8z_b_B0b5e52bc003285ef66ec0cbb2be08556.mp4
哈尔滨新闻综合,http://stream.hrbtv.net/xwzh/sd/live.m3u8
春晚2000,https://alimov2.a.kwimgs.com/upic/2023/01/13/21/BMjAyMzAxMTMyMTE4MzRfNDAzMDAxOTlfOTM1MDY4ODIxMTNfMF8z_b_Bdddf4e7ef0ff6cfd477857bb40e78419.mp4
哈尔滨生活,https://stream.hrbtv.net/shpd/sd/live.m3u8
春晚2001,https://alimov2.a.kwimgs.com/upic/2023/01/13/20/BMjAyMzAxMTMyMDA5MjJfNDAzMDAxOTlfOTM0OTkwNDQyMDFfMF8z_b_B70592cb7c4054e9cabb675e849bbf4bd.mp4
哈尔滨生活,http://stream.hrbtv.net/shpd/sd/live.m3u8
春晚2002,https://alimov2.a.kwimgs.com/upic/2023/01/13/21/BMjAyMzAxMTMyMTE4MzRfNDAzMDAxOTlfOTM1MDY4ODIxNDdfMF8z_b_Ba6271d10b7e6cfae83759033a091f257.mp4
哈尔滨资讯,https://stream.hrbtv.net/zxpd/sd/live.m3u8
春晚2003,https://alimov2.a.kwimgs.com/upic/2023/01/14/23/BMjAyMzAxMTQyMzQxNDdfNDAzMDAxOTlfOTM2MTU0MTk1NDFfMF8z_b_B182749d2cd2ea9323639254af385f24b.mp4
哈尔滨娱乐,http://stream.hrbtv.net/ylpd/sd/live.m3u8
春晚2004,https://alimov2.a.kwimgs.com/upic/2023/01/13/21/BMjAyMzAxMTMyMTE4MzRfNDAzMDAxOTlfOTM1MDY4ODIxOTVfMF8z_b_B86c4430b82ff5a7f4e8132f6ee558536.mp4
哈尔滨影视,https://stream.hrbtv.net/yspd/sd/live.m3u8
春晚2005,https://alimov2.a.kwimgs.com/upic/2023/01/13/20/BMjAyMzAxMTMyMDA5MjJfNDAzMDAxOTlfOTM0OTkwNDQyMzhfMF8z_b_B35ad7cc86aec8fc9e5ddfb31fc7bed63.mp4
哈尔滨影视,http://stream.hrbtv.net/yspd/sd/live.m3u8
春晚2006,https://alimov2.a.kwimgs.com/upic/2023/01/13/20/BMjAyMzAxMTMyMDA5MjJfNDAzMDAxOTlfOTM0OTkwNDQyNzlfMF8z_b_Bbc3703fc331dc994c50859c19aad28ff.mp4
伊春综合,https://masterpull.hljtv.com/live/vQtnS3vX.m3u8
春晚2007,https://alimov2.a.kwimgs.com/upic/2023/01/13/20/BMjAyMzAxMTMyMDA5MjJfNDAzMDAxOTlfOTM0OTkwNDQzMjNfMF8z_b_B00b069c7899976459ceeaa99353dfefe.mp4
伊春综合,https://rmplive.hljtv.com/live/yichun.m3u8
春晚2008,https://alimov2.a.kwimgs.com/upic/2023/01/13/20/BMjAyMzAxMTMyMDA5MjJfNDAzMDAxOTlfOTM0OTkwNDQzNTNfMF8z_b_Bd7346962e61bd7b84e11a1fa6e4616f9.mp4
漠河综合,https://masterpull.hljtv.com/live/rlVvbTZN.m3u8
春晚2009,https://alimov2.a.kwimgs.com/upic/2023/01/13/20/BMjAyMzAxMTMyMDA5MjJfNDAzMDAxOTlfOTM0OTkwNDQzOTBfMF8z_b_B29a36a85e0277f6c2a1f033ef7c10708.mp4
大庆新闻综合,https://masterpull.hljtv.com/live/4WdrZLCq.m3u8
春晚2010,https://alimov2.a.kwimgs.com/upic/2023/01/13/20/BMjAyMzAxMTMyMDA5MjJfNDAzMDAxOTlfOTM0OTkwNDQ0MjlfMF8z_b_B8818807a00eed329a69fb494f405bd43.mp4
东宁综合,https://masterpull.hljtv.com/live/UQdxnsw8.m3u8
春晚2011,https://alimov2.a.kwimgs.com/upic/2023/01/16/11/BMjAyMzAxMTYxMTA3MjFfNDAzMDAxOTlfOTM3MjcyMjA3ODhfMF8z_b_B8214200efc869dc6fcf99dad619fa4c1.mp4
黑河新闻综合,https://masterpull.hljtv.com/live/iyoENgSP.m3u8
春晚2012,https://cdn8.yzzy-online.com/20220704/591_82b72f82/1000k/hls/index.m3u8
鹤岗综合,https://masterpull.hljtv.com/live/rApKWXbX.m3u8
春晚2013,https://alimov2.a.kwimgs.com/upic/2023/01/13/20/BMjAyMzAxMTMyMDA5MjJfNDAzMDAxOTlfOTM0OTkwNDQ1NjNfMF8z_b_B4fea55408dca4471a68a963ae096be59.mp4
鹤岗综合,https://rmplive.hljtv.com/live/hegang.m3u8
春晚2014,https://alimov2.a.kwimgs.com/upic/2023/01/06/16/BMjAyMzAxMDYxNjMxMTNfNDAzMDAxOTlfOTI4OTY2ODAzNjlfMF8z_b_Bdee65c77f9e7b2120a185c919dad81d2.mp4
富锦综合,https://masterpull.hljtv.com/live/wOBN3GqO.m3u8
春晚2015,https://alimov2.a.kwimgs.com/upic/2023/01/13/20/BMjAyMzAxMTMyMDA5MjJfNDAzMDAxOTlfOTM0OTkwNDQ2MTZfMF8z_b_B4851f43f5a2bc2871a9b0ec87294a6e7.mp4
尚志电视台,https://masterpull.hljtv.com/live/EQnKvoc9.m3u8
春晚2016,https://cdn8.yzzy-online.com/20220704/577_cda9c8d1/1000k/hls/index.m3u8
佳木斯新闻综合,https://masterpull.hljtv.com/live/l9wQtsVs.m3u8
春晚2017,https://alimov2.a.kwimgs.com/upic/2023/01/13/20/BMjAyMzAxMTMyMDA5MjJfNDAzMDAxOTlfOTM0OTkwNDQ2NDhfMF8z_b_B6527b0c2ce3dda1d9b3f34edd4fdb9aa.mp4
齐齐哈尔新闻综合,https://masterpull.hljtv.com/live/dUi8b96l.m3u8
春晚2018,https://alimov2.a.kwimgs.com/upic/2023/01/06/16/BMjAyMzAxMDYxNjMxMTRfNDAzMDAxOTlfOTI4OTY2ODE2MTBfMF8z_b_B11a778e34390a21de42d407e94f45b91.mp4
齐齐哈尔新闻综合,https://rmplive.hljtv.com/live/qiqihaer.m3u8
春晚2019,https://alimov2.a.kwimgs.com/upic/2023/01/06/16/BMjAyMzAxMDYxNjMxMTRfNDAzMDAxOTlfOTI4OTY2ODE2MTBfMF8z_b_B11a778e34390a21de42d407e94f45b91.mp4
七台河新闻综合,https://masterpull.hljtv.com/live/9FZ7k2XF.m3u8
春晚2020,https://alimov2.a.kwimgs.com/upic/2022/01/30/17/BMjAyMjAxMzAxNzA5NDdfNDAzMDAxOTlfNjYxNzQ2MDAyMTFfMF8z_b_B5d51d9564c5670dc66faeba20aa7af3f.mp4
七台河新闻综合,https://rmplive.hljtv.com/live/qitaihe.m3u8
春晚2021,https://alimov2.a.kwimgs.com/upic/2022/01/30/17/BMjAyMjAxMzAxNzE4NTJfNDAzMDAxOTlfNjYxNzUzOTg3NjlfMF8z_b_Be41d9503181d7b0608a839ed401e02c2.mp4
勃利综合,https://masterpull.hljtv.com/live/6rx9bifO.m3u8
春晚2022,https://alimov2.a.kwimgs.com/upic/2022/02/01/11/BMjAyMjAyMDExMTEwMjNfNDAzMDAxOTlfNjYzNzA4MTk4NzNfMF8z_b_B898cc7ddd0025bf54ddb18ec1f723c84.mp4
绥化新闻综合,https://masterpull.hljtv.com/live/v4o2g1hs.m3u8
春晚2023,https://txmov2.a.kwimgs.com/bs3/video-hls/5251197255879398624_hlshd15.m3u8
绥化新闻综合,https://rmplive.hljtv.com/live/suihua.m3u8
春晚2024,https://p2.bdstatic.com/rtmp.liveshow.lss-user.baidubce.com/live/stream_bduid_6488563992_8982723413/merged_1707497046297_88536_25144_41936.m3u8
安达综合,https://masterpull.hljtv.com/live/FsGxlDZQ.m3u8
春晚2025,https://res.cctvnews.cctv.com/video/3005/record/cctv/merge1/133396667284143308839013005/8fbd6180bdef4da19f6155cf6b4652e1-4.m3u8
海伦市综合,https://masterpull.hljtv.com/live/VFNlgeFO.m3u8
春晚2026,https://v.lzcdn28.com/20260217/8616_1de9f6e5/index.m3u8
大兴安岭新闻综合,https://masterpull.hljtv.com/live/H2kVyS15.m3u8
大兴安岭新闻综合,https://rmplive.hljtv.com/live/daxinganling.m3u8
崇仁电视台,http://play-a2.quklive.com/live/1744277411242065.m3u8
崇仁电视台,http://play-a2.quklive.com/live/1744277411242065.flv
宁都综合,http://play-a2.quklive.com/live/1749084198822069.m3u8
宁都综合,http://play-a2.quklive.com/live/1749084198822069.flv
万载电视台1,http://play-a2.quklive.com/live/1739162440932308.m3u8
万载电视台1,http://play-a2.quklive.com/live/1739162440932308.flv
广丰电视台,https://play-a2.quklive.com/live/1754033359790055.m3u8
广丰电视台,https://play-a2.quklive.com/live/1754033359790055.flv
陕西新闻资讯,http://gxlive.snrtv.com/sx1-SD.m3u8
陕西都市青春,http://gxlive.snrtv.com/sx2-SD.m3u8
陕西银龄,http://gxlive.snrtv.com/sx3-SD.m3u8
陕西秦腔,http://gxlive.snrtv.com/sx5-SD.m3u8
陕西体育休闲,http://gxlive.snrtv.com/sx7-SD.m3u8
农林卫视,http://gxlive.snrtv.com/nlws-SD.m3u8
陕西西部电影,http://gxlive.snrtv.com/sx8-SD.m3u8
保定1,http://jwcdnqx.hebyun.com.cn/live/jybd/1500k/tzwj_video.m3u8
保定2,http://jwcdnqx.hebyun.com.cn/live/bdxw1/1500k/tzwj_video.m3u8
保定3,http://jwcdnqx.hebyun.com.cn/live/bddst/1500k/tzwj_video.m3u8
邯郸新闻,https://jwcdnqx.hebyun.com.cn/live/hdxwzh/1500k/tzwj_video.m3u8
邯郸公共,https://jwcdnqx.hebyun.com.cn/live/hdgg/1500k/tzwj_video.m3u8
邯郸科教,https://jwcdnqx.hebyun.com.cn/live/hdkj/1500k/tzwj_video.m3u8
兴隆综合,https://jwcdnqx.hebyun.com.cn/live/xlzh/1500k/tzwj_video.m3u8
兴隆影视,https://jwcdnqx.hebyun.com.cn/live/xlys/1500k/tzwj_video.m3u8
兴隆影视,https://jwcdnqx.hebyun.com.cn/live/xlys/1500k/tzwj_video.m3u8
迁西综合,https://jwcdnqx.hebyun.com.cn/live/qxzhpd/1500k/tzwj_video.m3u8
迁西农业,https://jwcdnqx.hebyun.com.cn/live/qxny/1500k/tzwj_video.m3u8
青县综合,http://jwcdnqx.hebyun.com.cn/live/qxtvlive1/1500k/tzwj_video.m3u8
海峡卫视,https://hlsbkmgsplive.miguvideo.com/migu/kailu/haixiaws/51/20230724/01.m3u8?&HlsSubType=&encrypt=
济源综合,http://tvpull.dxhmt.cn:9081/tv/19001-1.m3u8
兰考综合,http://tvpull.dxhmt.cn:9081/tv/10225-1.m3u8
伊川综合,http://tvpull.dxhmt.cn:9081/tv/10329-1.m3u8
长垣综合,http://tvpull.dxhmt.cn:9081/tv/10728-1.m3u8
开封新闻,http://tvpull.dxhmt.cn:9081/tv/10200-2.m3u8
开封文化旅游,http://tvpull.dxhmt.cn:9081/tv/10200-3.m3u8
内黄综合,http://tvpull.dxhmt.cn:9081/tv/10527-1.m3u8
新县电视台,http://tvpull.dxhmt.cn:9081/tv/11523-1.m3u8
淇县电视台,http://tvpull.dxhmt.cn:9081/tv/10622-1.m3u8
汤阴综合,http://tvpull.dxhmt.cn:9081/tv/10523-1.m3u8
新乡县综合,http://tvpull.dxhmt.cn:9081/tv/10721-1.m3u8
舞钢综合,http://tvpull.dxhmt.cn:9081/tv/10481-1.m3u8
灵宝新闻综合,http://tvpull.dxhmt.cn:9081/tv/11282-1.m3u8
淮滨综合,http://tvpull.dxhmt.cn:9081/tv/11527-1.m3u8
光山综合,http://tvpull.dxhmt.cn:9081/tv/11522-1.m3u8
滑县TV1,http://tvpull.dxhmt.cn:9081/tv/10526-1.m3u8
滑县TV2,http://tvpull.dxhmt.cn:9081/tv/10526-2.m3u8
清丰电视台,http://tvpull.dxhmt.cn:9081/tv/10922-1.m3u8
通许综合,http://tvpull.dxhmt.cn:9081/tv/10222-1.m3u8
沈丘新闻综合,http://tvpull.dxhmt.cn:9081/tv/11624-1.m3u8
桐柏新闻综合,http://tvpull.dxhmt.cn:9081/tv/11330-1.m3u8
夏邑综合,http://tvpull.dxhmt.cn:9081/tv/11426-1.m3u8
平兴新闻综合,http://tvpull.dxhmt.cn:9081/tv/11723-1.m3u8
偃师新闻,http://tvpull.dxhmt.cn:9081/tv/10381-1.m3u8
上街电视台,http://tvpull.dxhmt.cn:9081/tv/10106-1.m3u8
沁阳新闻综合,http://tvpull.dxhmt.cn:9081/tv/10882-1.m3u8
项城电视台,http://tvpull.dxhmt.cn:9081/tv/11681-1.m3u8
汝阳新闻综合,http://tvpull.dxhmt.cn:9081/tv/10326-1.m3u8
新安新闻综合,http://tvpull.dxhmt.cn:9081/tv/10323-1.m3u8
罗山电视台,http://tvpull.dxhmt.cn:9081/tv/11521-1.m3u8
潢川电视台,http://tvpull.dxhmt.cn:9081/tv/11526-1.m3u8
上蔡1,http://tvpull.dxhmt.cn:9081/tv/11722-1.m3u8
荥阳1,http://tvpull.dxhmt.cn:9081/tv/10182-1.m3u8
温县融媒,http://tvpull.dxhmt.cn:9081/tv/10825-1.m3u8
建安新闻,http://tvpull.dxhmt.cn:9081/tv/11003-1.m3u8
封丘新闻综合,http://tvpull.dxhmt.cn:9081/tv/10727-1.m3u8
林州电视台,http://tvpull.dxhmt.cn:9081/tv/10581-1.m3u8
鄢陵综合,http://tvpull.dxhmt.cn:9081/tv/11024-1.m3u8
邓州新闻,http://tvpull.dxhmt.cn:9081/tv/11381-1.m3u8
社旗电视台,http://tvpull.dxhmt.cn:9081/tv/11327-1.m3u8
镇平新闻综合,http://tvpull.dxhmt.cn:9081/tv/11324-1.m3u8
孟州1,http://tvpull.dxhmt.cn:9081/tv/10883-1.m3u8
郏县综合,http://tvpull.dxhmt.cn:9081/tv/10425-1.m3u8
浚县电视台,http://tvpull.dxhmt.cn:9081/tv/10621-1.m3u8
舞阳新闻综合,http://tvpull.dxhmt.cn:9081/tv/11121-1.m3u8
渑池新闻综合,http://tvpull.dxhmt.cn:9081/tv/11221-1.m3u8
武陟新闻综合,http://tvpull.dxhmt.cn:9081/tv/10823-1.m3u8
新郑1,http://tvpull.dxhmt.cn:9081/tv/10184-1.m3u8
辉县新闻综合,http://tvpull.dxhmt.cn:9081/tv/10782-1.m3u8
永城新闻,http://tvpull.dxhmt.cn:9081/tv/11481-1.m3u8
禹州综合,http://tvpull.dxhmt.cn:9081/tv/11081-1.m3u8
杞县新闻综合,http://tvpull.dxhmt.cn:9081/tv/10221-1.m3u8
林颖综合,http://tvpull.dxhmt.cn:9081/tv/11122-1.m3u8
宝丰1,http://tvpull.dxhmt.cn:9081/tv/10421-1.m3u8
新密新闻频道,http://tvpull.dxhmt.cn:9081/tv/10183-2.m3u8
嘉峪关综合,https://play.kankanlive.com/live/1658978094528926.m3u8
嘉峪关公共,https://play.kankanlive.com/live/1658978141553927.m3u8
金昌综合,http://play.kankanlive.com/live/1660096574549900.m3u8
金昌综合,http://play.kankanlive.com/live/1660096574549900.flv
张掖新闻,http://play.kankanlive.com/live/1675849013180979.m3u8
张掖新闻,http://play.kankanlive.com/live/1675849013180979.flv
定西综合,https://play.kankanlive.com/live/1675303871634928.m3u8
定西综合,http://play.kankanlive.com/live/1675303871634928.flv
定西文旅生活,http://play.kankanlive.com/live/1675303983674929.m3u8
定西文旅生活,http://play.kankanlive.com/live/1675303983674929.flv
天祝电视台,https://play.kankanlive.com/live/1656487214793905.m3u8
泰安综合,http://play.kankanlive.com/live/1680577080200944.m3u8
泰安综合,http://play.kankanlive.com/live/1680577080200944.flv
静宁新闻综合,https://play.kankanlive.com/live/1658194434596952.m3u8
景泰电视台,https://play.kankanlive.com/live/1624439143745981.m3u8
西和综合,https://play.kankanlive.com/live/1659926941626981.m3u8
古浪综合,http://play.kankanlive.com/live/1647934328544907.m3u8
古浪综合,http://play.kankanlive.com/live/1647934328544907.flv
永昌电视台,https://play.kankanlive.com/live/1652755738635915.m3u8
陇西电视台,https://play.kankanlive.com/live/1669881644081970.m3u8
平川电视台,http://play.kankanlive.com/live/1658907556249918.m3u8
平川电视台,http://play.kankanlive.com/live/1658907556249918.flv
岷县电视台,http://play.kankanlive.com/live/1672715401874967.m3u8
岷县电视台,http://play.kankanlive.com/live/1672715401874967.flv
庄浪电视台,https://play.kankanlive.com/live/1655107221272926.m3u8
金川电视台,http://play.kankanlive.com/live/1657360567739997.m3u8
金川电视台,http://play.kankanlive.com/live/1657360567739997.flv
安定电视台,https://play.kankanlive.com/live/1672881652415978.m3u8
安定电视台,http://play.kankanlive.com/live/1672881652415978.flv
靖远电视台,https://play.kankanlive.com/live/1658390970673988.m3u8
天祝电视台,https://play.kankanlive.com/live/1656487214793905.m3u8
天祝电视台,http://play.kankanlive.com/live/1656487214793905.m3u8
天祝电视台,http://play.kankanlive.com/live/1656487214793905.flv
靖远电视台,https://play.kankanlive.com/live/1658390970673988.m3u8
通渭电视台,http://play.kankanlive.com/live/1661761962676984.m3u8
通渭电视台,http://play.kankanlive.com/live/1661761962676984.flv
秦安电视台,https://play.kankanlive.com/live/1680577080200944.m3u8
秦安电视台,http://play.kankanlive.com/live/1680577080200944.flv
浙江卫视超清,http://ali-xwl.cztv.com/live/channel011080Plxw.m3u8
浙江卫视超清,http://ali-xwl.cztv.com/live/channel01720Plxw.m3u8
江苏卫视超清,http://hlsztemgsplive.miguvideo.com:8080/wd_r2/cctv/jiangsuhd/1200/index.m3u8?msisdn=f863b466d46e2ff46401579155d4a125&mdspid=&spid=699067&netType=4&sid=5500199408&pid=2028597139&timestamp=20260525225048&Channel_ID=0116_2600037000-99000-200300220106297&ProgramID=623899368&ParentNodeID=-99&assertID=5500199408&client_ip=36.134.130.193&SecurityKey=20260525225048&promotionId=&mvid=5100156802&mcid=500020&playurlVersion=WX-A1-9.5.1.2-RELEASE&userid=1834153345&jmhm=f863b466d46e2ff46401579155d4a125&videocodec=h264&appCode=miguvideo_android&bean=mgspad&tid=android&conFee=0&encrypt=877055ef72234241a819c8e5f733a93f
江苏卫视超清,https://hlsbkmgsplive.miguvideo.com/migu/kailu/jswshd265/55/20200407/01.m3u8?&HlsSubType=&encrypt=
湖北卫视超清,http://hlsztemgsplive.miguvideo.com:8080/wd_r2/2018/ocn/hubeiwshd/2000/index.m3u8?msisdn=f863b466d46e2ff46401579155d4a125&mdspid=&spid=600633&netType=4&sid=5910022163&pid=2028597139&timestamp=20260525171958&Channel_ID=0116_2600037000-99000-200300220106252&ProgramID=947472496&ParentNodeID=-99&assertID=5910022163&client_ip=36.32.233.96&SecurityKey=20260525171958&promotionId=&mvid=5900004355&mcid=500020&playurlVersion=WX-A1-9.5.1.2-RELEASE&userid=1834153345&jmhm=f863b466d46e2ff46401579155d4a125&videocodec=h264&appCode=miguvideo_android&bean=mgspad&tid=android&conFee=0&encrypt=9f510dccd0b317cc17b3ffcd60a255af
广东卫视超清,http://hlsztemgsplive.miguvideo.com:8080/migu/kailu/gdwshd265/54/20200407/01.m3u8?msisdn=4f89b0f1d885527a227fd4a636419cfe&mdspid=&spid=699054&netType=4&sid=2202428795&pid=2028597139&timestamp=20260525180714&Channel_ID=0116_2600031500-99000-200300140100004&ProgramID=608831231&ParentNodeID=-99&assertID=2202428795&client_ip=36.133.54.63&SecurityKey=20260525180714&promotionId=&mvid=2202428795&mcid=500020&playurlVersion=WX-A1-9.5.1.2-RELEASE&userid=&jmhm=&videocodec=h265&appCode=miguvideo_android&bean=mgspad&tid=android&conFee=0&mtv_session=c33c8da604f4b4cf8cb81901ee821d0e&sv=10004&ct=android&playUrlSsn=4f89b0f1d885527a227fd4a636419cfe1779703632223&prlId=4f89b0f1d885527a227fd4a636419cfe1779703632240&jid=4f89b0f1d885527a227fd4a636419cfe1779703631706V&is_advertise=0&sjid=subsession_1779703741957&HlsSubType=1&HlsProfileId=1&nphaid=0&encrypt=99984262cec7bf6a900b82684c13b7d6
山东卫视超清,https://hlsbkmgsplive.miguvideo.com/wd_r4/yg/shandongwshd/3000/01.m3u8?&HlsSubType=&encrypt=
山东卫视超清,https://hlsbkmgsplive.miguvideo.com/wd-shandonghd-1200/01.m3u8?&HlsSubType=&encrypt=
东方卫视超清,http://hlsztemgsplive.miguvideo.com:8080/wd_r4/dfl/dongfangwshd/1200/index.m3u8?msisdn=f863b466d46e2ff46401579155d4a125&mdspid=&spid=600697&netType=4&sid=5910022185&pid=2028597139&timestamp=20260525225606&Channel_ID=0116_2600037000-99000-200300220106298&ProgramID=651632648&ParentNodeID=-99&assertID=5910022185&client_ip=117.157.226.219&SecurityKey=20260525225606&promotionId=&mvid=5100043384&mcid=500020&playurlVersion=WX-A1-9.5.1.2-RELEASE&userid=1834153345&jmhm=f863b466d46e2ff46401579155d4a125&videocodec=h264&appCode=miguvideo_android&bean=mgspad&tid=android&conFee=0&encrypt=de55d7d80ea09312f36d3a4380988ece
辽宁卫视超清,http://hlsztemgsplive.miguvideo.com:8080/wd_r2/2018/ocn/liaoningwshd/2000/index.m3u8?msisdn=f863b466d46e2ff46401579155d4a125&mdspid=&spid=600572&netType=4&sid=5910022198&pid=2028597139&timestamp=20260525224818&Channel_ID=0116_2600037000-99000-200300220106293&ProgramID=630291707&ParentNodeID=-99&assertID=5910022198&client_ip=36.138.59.103&SecurityKey=20260525224818&promotionId=&mvid=5101043014&mcid=500020&playurlVersion=WX-A1-9.5.1.2-RELEASE&userid=1834153345&jmhm=f863b466d46e2ff46401579155d4a125&videocodec=h264&appCode=miguvideo_android&bean=mgspad&tid=android&conFee=0&encrypt=c84ee4e10d898993f9a89b84eff98053
辽宁卫视超清,https://hlsbkmgsplive.miguvideo.com/migu/kailu/lnwshd265/54/20200407/01.m3u8?&HlsSubType=&encrypt=
东南卫视超清,http://hlsztemgsplive.miguvideo.com:8080/migu/kailu/dongnanws/51/20230724/index.m3u8?msisdn=f863b466d46e2ff46401579155d4a125&mdspid=&spid=600717&netType=4&sid=5910022182&pid=2028597139&timestamp=20260525224619&Channel_ID=0116_2600037000-99000-200300220106292&ProgramID=849116810&ParentNodeID=-99&assertID=5910022182&client_ip=36.133.56.189&SecurityKey=20260525224619&promotionId=&mvid=5900006229&mcid=500020&playurlVersion=WX-A1-9.5.1.2-RELEASE&userid=1834153345&jmhm=f863b466d46e2ff46401579155d4a125&videocodec=h264&appCode=miguvideo_android&bean=mgspad&tid=android&conFee=0&encrypt=e55bf465e1067e08047a8d14392d782e
东南卫视超清,https://hlsbkmgsplive.miguvideo.com/migu/kailu/dongnanws/51/20230724/01.m3u8?&HlsSubType=&encrypt=
江西卫视超清,http://hlsztemgsplive.miguvideo.com:8080/migu/kailu/jxwshd/51/20190820/index.m3u8?msisdn=f863b466d46e2ff46401579155d4a125&mdspid=&spid=600633&netType=4&sid=5910021492&pid=2028597139&timestamp=20260525224925&Channel_ID=0116_2600037000-99000-200300220106295&ProgramID=783847495&ParentNodeID=-99&assertID=5910021492&client_ip=36.138.59.103&SecurityKey=20260525224925&promotionId=&mvid=5900004351&mcid=500020&playurlVersion=WX-A1-9.5.1.2-RELEASE&userid=1834153345&jmhm=f863b466d46e2ff46401579155d4a125&videocodec=h264&appCode=miguvideo_android&bean=mgspad&tid=android&conFee=0&encrypt=74f122e514f3440c6780b9226b91850e
浙江卫视4K,http://ali-xwl.cztv.com/live/channel4k2160p.m3u8
节目预告,http://epg.51zmt.top:8000/api/diyp/?ch={name}&date={date}
东莞生活资讯,https://stream.sun0769.com/dgrtv1/mp4tv2_1500/index.m3u8?channel=1&t=1729729688&ttl=3600&key=51bc3d05bf1a5bf32ebb25742b84d19f
东莞生活资讯,http://stream.sun0769.com/dgrtv1/mp4tv2_1500/index.m3u8
东莞生活资讯,https://stream.sun0769.com/dgrtv1/mp4tv2_800/index.m3u8
东莞新闻综合,https://stream.sun0769.com/dgrtv1/mp4tv1_1500/index.m3u8?channel=1&t=1729661201&ttl=3600&key=efe2f59e0af760316837279011901742
东莞新闻综合,https://t.freetv.fun/live/dong-wan-xin-wen-zong-he-1.m3u8
东莞新闻综合,https://t.freetv.fun/live/dong-wan-xin-wen-zong-he-1-1.m3u8
东莞新闻综合,https://t.freetv.fun/live/dong-wan-xin-wen-zong-he-5.m3u8
东莞新闻综合,http://stream.sun0769.com/dgrtv1/mp4tv1_1500/index.m3u8
东莞新闻综合,https://stream.sun0769.com/dgrtv1/mp4tv1_1500/index.m3u8
东莞新闻综合,https://stream.sun0769.com/dgrtv1/mp4tv1_800/index.m3u8
南城三元路立交,https://radio.sun0769.com/dgrtv1/out3.m3u8
南国都市,http://tencentplaygzrb01.gztv.com/live/nanguodushi.m3u8
南国都市,https://tencentplay.gztv.com/live/nanguodushi.m3u8?txSecret=c82f82d7a6beda92b2b1ce93753dcacb&txTime=18e4a381d46
南国都市,http://tencentplay.gztv.com/live/nanguodushi.m3u8?txSecret=140110ae3d6c936a77f94c4f4d85b0d3&txTime=18d57929bd4
南国都市,https://tencentplay.gztv.com/live/nanguodushi.m3u8?txSecret=627498b93bc6f5d6e2460d0823bf81a3&txTime=18e6df74fc2
南国都市,https://tencentplaywebsite.gztv.com/live/nanguodushi.m3u8?txSecret=2691adf229394fbc14298c7cd054756a&txTime=195cd5988ae
南国都市,https://tencentplay.gztv.com/live/nanguodushi.m3u8?txSecret=550af55c0ea34ce492748481415b6dfa&txTime=1903e7b17de
南国都市,http://php.jdshipin.com/gztv.php?id=shenghuo
南国都市,https://tencentplay.gztv.com/live/nanguodushi.m3u8?txSecret=7a9302751803950aa7bee6994f477b11&txTime=19182c0a3f6
安多卫视,https://liveout.xntv.tv/a65jur/96iln2.m3u8
澳亚卫视,https://stream1.freetv.fun/ao-ya-wei-shi-1.ctv
兵团卫视,http://192.151.150.154/live/btws.m3u8
兵团卫视,http://198.204.228.26/live/btws.m3u8
兵团卫视,http://107.150.60.122/live/btws.m3u8
兵团卫视,https://stream1.freetv.fun/7690729e43cd485b88bcedccb7455292214b740fb52ed0895fe85a03066b9631.ctv
兵团卫视,https://stream1.freetv.fun/c66d54d2c1ee3303a5a503d9b871faf6fa3edd00faa755ffb7d177116e6fee4d.ctv
兵团卫视,http://183.11.239.36:808/hls/7/index.m3u8
兵团卫视,https://stream1.freetv.fun/cc9a171357d687b5d9ba93f7f7b784c6ea1e0b62c107bdca8ab6fb08ab077413.ctv
兵团卫视,http://go.bkpcp.top/mg/btws
兵团卫视,https://stream1.freetv.fun/34dd012305fe7a8de136f8c56b13bb50f97d085d7f391e805e73002e7a69d07d.ctv
兵团卫视,https://stream1.freetv.fun/6d26f9c6947c18d6c9722ee46ac9a3de8c89e1a47321e1df660f19a9158cd8a2.ctv
大湾区卫视,https://iptv.catvod.com/live.php?id=%E5%A4%A7%E6%B9%BE%E5%8C%BA%E5%8D%AB%E8%A7%86
大湾区卫视,https://iptv.catvod.com/live.php?id=%E5%A4%A7%E6%B9%BE%E5%8C%BA%E5%8D%AB%E8%A7%86&line=1
大湾区卫视,https://iptv.catvod.com/live.php?id=%E5%A4%A7%E6%B9%BE%E5%8C%BA%E5%8D%AB%E8%A7%86&line=3
大湾区卫视,https://iptv.catvod.com/live.php?id=%E5%A4%A7%E6%B9%BE%E5%8C%BA%E5%8D%AB%E8%A7%86&line=2
大湾区卫视,http://183.11.239.36:808/hls/132/index.m3u8
大湾区卫视,http://222.128.55.152:9080/live/dwq.m3u8
大湾区卫视,http://t.061899.xyz/tl/tl.php?id=dwqws
大湾区卫视,https://stream1.freetv.fun/77d033ada523246062ffc0d1fe797ee6cb01a53955e527d352978c504348db5f.ctv
大湾区卫视,https://stream1.freetv.fun/d94685e368d36c376aefb8ef205099b32ed6293ce7409252e103fdd3bee9bfb8.ctv
大湾区卫视,https://stream1.freetv.fun/16a980961696c7f19864dd8721b1fa3d35fae88175ac03b5a191d0832a69dbba.ctv
海峡卫视,https://t.freetv.fun/live/hai-xia-wei-shi-1-1.m3u8
海峡卫视,https://t.freetv.fun/live/hai-xia-wei-shi-7.m3u8
海峡卫视,http://38.64.72.148:80/hls/modn/list/4009/playlist.m3u8
海峡卫视,http://38.64.72.148:80/hls/modn/list/4009/chunklist0.m3u8
海峡卫视,https://t.freetv.fun/live/hai-xia-wei-shi-8.m3u8
海峡卫视,https://t.freetv.fun/live/hai-xia-wei-shi-3.m3u8
海峡卫视,https://t.freetv.fun/live/hai-xia-wei-shi-5.m3u8
海峡卫视,https://t.freetv.fun/live/hai-xia-wei-shi-6.m3u8
海峡卫视,https://t.freetv.fun/live/hai-xia-wei-shi-2.m3u8
海峡卫视,http://8.138.7.223/tv/hxws.m3u8
旅游卫视,http://123.129.70.178:9901/tsfile/live/0114_1.m3u8?key=txiptv&playlive=1&authid=0
旅游卫视,http://153.0.171.163:9901/tsfile/live/0114_1.m3u8?key=txiptv&playlive=1&authid=0
农林卫视,http://8.138.7.223/%E3%80%90%E5%85%AC%E4%BC%97%E5%8F%B7%EF%BC%9A%E6%A6%B4%E8%8A%92%E7%94%B5%E8%A7%86%E3%80%91/%E5%86%9C%E6%9E%97%E5%8D%AB%E8%A7%86.m3u8
农林卫视,http://14.153.176.89:1234/956904896
农林卫视,http://223.247.25.205:1234/956904896
农林卫视,http://110.154.192.30:7788/956904896
厦门卫视,http://192.151.150.154/live/xmws.m3u8
厦门卫视,http://198.204.228.26/live/xmws.m3u8
厦门卫视,http://107.150.60.122/live/xmws.m3u8
厦门卫视,http://63.141.230.178:82/gslb/zbdq5.m3u8?id=xmws
厦门卫视,http://183.11.239.36:808/hls/17/index.m3u8
厦门卫视,https://epg.pw/stream/aa65dd411565991ace44f9e5934bd018fdd52122e052d471a363b6ee839e1079.ctv
厦门卫视,http://e2.woc.iiiya.cn:28888/rtp/239.61.2.11:8060
厦门卫视,https://stream1.freetv.fun/bd080e350180e41223407db10c5c7c4584cfdb9533e8aee1dfb6fb925c658e95.ctv
厦门卫视,https://stream1.freetv.fun/86d95781f95f131907ab6c6262400dabbd88f042e9d2189c05a04196ae36dc3c.ctv
上海卫视,http://112.27.235.94:8000/hls/28/index.m3u8#http://genglei.8866.org:9901/tsfile/live/1011_1.m3u8?key=txiptv&playlive=1&authid=0
上海卫视,http://112.27.235.94:8000/hls/28/index.m3u8
上海卫视,http://58.57.40.22:9901/tsfile/live/1030_1.m3u8
上海卫视,http://gaoyitv.6600.org:9901/tsfile/live/faacts/0107_2.m3u8?key=txiptv&playlive=0&authid=0
延边卫视,https://stream1.freetv.fun/yan-bian-wei-shi-16.m3u8
延边卫视,https://stream1.freetv.fun/yan-bian-wei-shi-15.m3u8
延边卫视,https://stream1.freetv.fun/2c315ffc8f8501d31b82a47f0e65c47661e4f9fb6e45a5d9026fe47fe0563dba.ctv
延边卫视,https://stream1.freetv.fun/2165d5b43521fde6c8fd35372ffcd84615b7c0bc28a4b48d35fa4a73cb7f9a20.ctv
延边卫视,http://gmxw.7766.org:808/hls/15/index.m3u8
延边卫视,https://srs.iyb983.cn:443/video/CYS/index.m3u8
延边卫视,https://srs.iyb983.cn/video/CYS/index.m3u8
广东民生,https://stream1.freetv.fun/aacfe255321c041092fc54fe1250336c49e3a785cb7e76a12280593196ad0f55.ctv
广东民生,https://stream1.freetv.fun/yan-dong-min-sheng-21.ctv
广东民生,http://38.75.136.137:98/gslb/dsdqpub/gdgg.m3u8?auth=testpub
广东民生,https://stream1.freetv.fun/f431e18ece2f38abb2dfeb33d052113513dbc5f71723b4535f074c59cdc3ea6d.ctv
广东民生,https://stream1.freetv.fun/625ce079f2d77deb196f68f801200df461aa9355183c73156605906cd8ca4c9a.ctv
广东民生,https://stream1.freetv.fun/5cdfa70189f2749e29ddc6d27c9c761fea9f01819d94a81747d2c9c6bcdc36e7.ctv
广东民生,https://stream1.freetv.fun/d705bf2698d0b56ef2db9514c5bdf14406bd0c7fbdfd887eb3b649750bb83361.ctv
广东民生,https://stream1.freetv.fun/a73e206699c9d979ff1ae9486bea5b235bbffa807cd984046db8027d7fa174bd.ctv
广东民生,https://stream1.freetv.fun/3f60de8a31d29e8762b517084957ab647f630f99398aeb734297789b58b6d1e3.ctv
广东民生,https://stream1.freetv.fun/5f739a70116801ce443551badfa9be058ec2f3a26387eede156d1eddc43d77fd.ctv
广东少儿,https://t.freetv.fun/live/yan-dong-shao-er-gao-qing-30.m3u8
广东少儿,https://t.freetv.fun/live/yan-dong-shao-er-2.m3u8
广东少儿,https://t.freetv.fun/live/yan-dong-shao-er-5.m3u8
广东少儿,http://63.141.230.178:82/gslb/zbdq5.m3u8?id=gdtvs5
广东少儿,https://t.freetv.fun/live/yan-dong-shao-er-gao-qing-3.m3u8
广东少儿,https://t.freetv.fun/live/yan-dong-shao-er-gao-qing-24.m3u8
广东少儿,https://t.freetv.fun/live/yan-dong-shao-er-gao-qing-29.m3u8
广东少儿,https://t.freetv.fun/live/yan-dong-shao-er-8.m3u8
广东少儿,https://t.freetv.fun/live/yan-dong-shao-er-26.m3u8
广东少儿,https://t.freetv.fun/live/yan-dong-shao-er-gao-qing-5.m3u8
广东体育,http://67.220.71.199:2347/livehttpplay?channel_id=12028
广东体育,http://67.220.71.199:2347/livehttpplay?channel_id=30031
广东体育,http://67.220.71.199:2347/livehttpplay?channel_id=20130
广东体育,https://stream1.freetv.fun/1d40cb374f98ed1c48dff2047f871627b760284d6eb5a654ba1f6f17a3ac380c.ctv
广东体育,https://stream1.freetv.fun/yan-dong-ti-yu-5.m3u8
广东体育,https://stream1.freetv.fun/7b470f9fc5c305db0c8622117b7b25ca00eb35ba3e93e865cf0ff9df5c736681.ctv
广东体育,https://stream1.freetv.fun/7b4ce61d6ab1d53e88c1720e89ad057f65d8a69c9e292fa15d9126ac2d8eee79.ctv
广东体育,https://stream1.freetv.fun/b6f39b0a4ba5de158dc675cd2ed69c2be4d88129dfbb435b88a975a79229d11f.ctv
广东体育,https://stream1.freetv.fun/ff61966cb97588eac6ee5a569bff9a5582dce0cbdc537e7924415b3f12d1d391.ctv
广东体育,https://stream1.freetv.fun/71ea8ca3962a422d24d7b6fc81370ebe3e2d54b341e17a3f52cb711a671265e3.ctv
广东新闻,https://stream1.freetv.fun/yan-dong-xin-wen-2.m3u8
广东新闻,http://183.11.239.36:808/hls/5/index.m3u8
广东新闻,http://38.75.136.137:98/gslb/dsdqpub/gdxw.m3u8?auth=testpub
广东新闻,https://stream1.freetv.fun/25e5f05c5d6198fa2f34de18661c962cd044fd743ce1a5caeb97150b41f3a31b.ctv
广东新闻,https://stream1.freetv.fun/89475ae86a847cf846ccceaf1fe1f5f220251321babad37aaaac4147a68070cb.ctv
广东新闻,https://stream1.freetv.fun/6f00c02fd407a47fae2a306e40cde00626af86d0b491905a7d5b4dd2d635bede.ctv
广东新闻,https://stream1.freetv.fun/c8913042c11fcccc11cf546d8dc56169fb11bd886663cf15ab3de1ae5957056d.ctv
广东新闻,https://stream1.freetv.fun/8b5847d4fd5a44b290fa363b55c76abfe6d4505e7d0b5a9083eb5662c662fc70.ctv
广东新闻,https://stream1.freetv.fun/cd712b3bab167c751299ba34c4d3dea323d950b96cd813006db4ef030ff6b820.ctv
广东新闻,https://stream1.freetv.fun/d7c075c4f2dc4d03473253d0f7c39523940cda3b85f89794f5c19a85d312e69d.ctv
广东影视,https://t.freetv.fun/live/yan-dong-ying-shi-20.m3u8
广东影视,https://t.freetv.fun/live/yan-dong-ying-shi-gao-qing-11.m3u8
广东影视,https://t.freetv.fun/live/yan-dong-ying-shi-gao-qing-3.m3u8
广东影视,https://t.freetv.fun/live/yan-dong-ying-shi-gao-qing-9.m3u8
广东影视,https://t.freetv.fun/live/yan-dong-ying-shi-gao-qing-4.m3u8
广东影视,https://t.freetv.fun/live/yan-dong-ying-shi-gao-qing-5.m3u8
广东影视,https://t.freetv.fun/live/yan-dong-ying-shi-gao-qing-8.m3u8
广东影视,https://t.freetv.fun/live/yan-dong-ying-shi-gao-qing-2.m3u8
广东影视,https://t.freetv.fun/live/yan-dong-ying-shi-gao-qing-29.m3u8
广东影视,https://t.freetv.fun/live/yan-dong-ying-shi-gao-qing-7.m3u8
广东珠江,https://iptv.catvod.com/catvod?id=%E5%B9%BF%E4%B8%9C%E7%8F%A0%E6%B1%9F&line=1
广东珠江,https://iptv.catvod.com/catvod?id=%E5%B9%BF%E4%B8%9C%E7%8F%A0%E6%B1%9F&line=2
广东珠江,http://iptv.4666888.xyz/iptv2A.php?id=19
广东珠江,https://stream1.freetv.fun/697b3b96d04443fcd4ba17b16cf9f2ac36746a44175e2f7339f37f0398b6edfb.ctv
广东珠江,http://8.138.7.223/%E3%80%90%E5%85%AC%E4%BC%97%E5%8F%B7%EF%BC%9A%E6%A6%B4%E8%8A%92%E7%94%B5%E8%A7%86%E3%80%91/gdzj.m3u8
广东珠江,http://218.15.183.23:9901/tsfile/live/23009_1.m3u8
广东珠江,http://67.220.71.199:2347/livehttpplay?channel_id=20144
广东珠江,https://stream1.freetv.fun/e146af1661679d83239f04270038e971a9deaa54b69ad1516aacf2251b1af734.ctv
广东珠江,https://stream1.freetv.fun/113dfe731c24da3dad758dd33ba562ce123c614408198b9d5847e216bf269c4b.ctv
广东珠江,https://stream1.freetv.fun/3153a766086b8b075b0f09982a7acd1cef01226319c5425a51eb96d4d9028f60.ctv
深圳都市,https://t.freetv.fun/live/shen-zhen-du-shi-2.m3u8
深圳都市,https://t.freetv.fun/live/shen-zhen-du-shi-1-1.m3u8
深圳都市,https://stream1.freetv.fun/10c3af6770770126fcb6f9c6565cc92a1b5c863ad7b3b49308e88ece5ddd19f3.ctv
深圳都市,http://183.11.239.36:808/hls/140/index.m3u8
深圳都市,https://stream1.freetv.fun/d8cdbdc59aca110c4fe8c4738ec0497abcf1718b8a3ff32ac398c6542af79492.ctv
深圳都市,https://stream1.freetv.fun/ad93df03a34ef2480f403c893d60bff60d69bb98528b34a41171c1d9421282d9.ctv
深圳都市,http://116.77.239.26:44300/tsfile/live/1014_1.m3u8?key=txiptv&playlive=0&authid=0
深圳都市,http://gmxw.7766.org:808/hls/140/index.m3u8
TVB星河,http://o11.163189.xyz/stream/live/tvbxh/
TVB星河,https://o11.163189.xyz/stream/live/tvbxh/
TVB星河,http://php.jdshipin.com:8880/PLTV/iptv.php?id=xinghe
TVB星河,http://php.jdshipin.com/TVOD/iptv.php?id=tvbxh
TVB星河,http://php.jdshipin.com:8880/TVOD/iptv.php?id=xinghe
TVB星河,http://php.jdshipin.com/TVOD/iptv.php?id=xinghe
TVB星河,http://r.jdshipin.com/sXuuD
潮州综合,https://stream1.freetv.fun/5b8810473e51e06af358eca6b847a6e2662850de206b4ee6afbc492abf36c3ee.ctv
潮州综合,https://stream1.freetv.fun/b571b7cc4f941e04bece11b404e692bb38dff7589e99f5a16d55816c84e84a8b.ctv
潮州综合,https://stream1.freetv.fun/773a44aa21d11701de7b8fe1c03165c6ae971c2109b5ff49ecdf66c33d62f17a.ctv
潮州综合,https://stream1.freetv.fun/82d2e743daebc2c54f502ed2e39f2d379676465b26a37107cb9bd0ee06ce0c9b.ctv
潮州综合,https://stream1.freetv.fun/bc546f05a0ae288a6002b09f32b00922fd79f55d714741563b84993a794a1d54.ctv
潮州综合,https://stream1.freetv.fun/01a4b1970819fb85016266cd1b1d52b35c0f53e611a62e9ca3b5ba4934a512b4.ctv
潮州综合,https://stream1.freetv.fun/322ba7641aa73e731d1df1b54706f70e8253530da5021d12a90f90c707140b8e.ctv
潮州综合,https://stream1.freetv.fun/afabe96d015039816c983907399c364db5db751ab4347057f6145e6e9f2ec98d.ctv
潮州综合,https://stream1.freetv.fun/6f60d2f0c11750b138929b982c3fb04c375a7005d91bafadbebc48cae7903171.ctv
潮州综合,https://stream1.freetv.fun/ecae3bffb97bff35669bd45df49f55e89fcbe2fa322dadcb41481013221c6f73.ctv
揭阳综合,https://stream1.freetv.fun/5a912e48906eae7010c4a699c9404d434a43563a03d576b4ee9ee57f4af4f173.ctv
揭阳综合,https://stream1.freetv.fun/4426a45fc44094d818e250ac8b0a854ed24e5e4095142905e3fba947c2db870e.ctv
揭阳综合,https://stream1.freetv.fun/96d4caaaadffbe72321ae476c4e71e263bad36da2bb8c6ef35aea66095c367f2.ctv
揭阳综合,https://stream1.freetv.fun/2f7e1296173c70a3d4809c24402cbcb69d8f7f6486c8960c075703c6488c8f31.ctv
揭阳综合,https://stream1.freetv.fun/74445ae0227ef3ffa17752617505b8032c9c300aeae5898e69dd8bf8674d66d9.ctv
揭阳综合,https://stream1.freetv.fun/cb3a53430f774b4761517494853f78ea53102a6a806985eccd17006c16e8440f.ctv
揭阳综合,https://stream1.freetv.fun/909bb4210af3865a9520b7609b942fb277aa276414094553ef947b6a5fc334d2.ctv
揭阳综合,https://stream1.freetv.fun/1f53725e2fd4c333a75f856a6909575315fcd16b5cf324d47ac3875de8a58314.ctv
揭阳综合,https://stream1.freetv.fun/1ad41da4b7a925ba5507b90153174af0172c60b86ec5f2b7b7071405a71313c9.ctv
揭阳综合,https://stream1.freetv.fun/f885ed39fac6326e75afc4c8c2ab57cf6f0fe662f5b96dd364dbe5d82975573d.ctv
广州综合,https://cdn13.178.indevs.in/163189/b13471c5de99d1c7
广州综合,https://stream1.freetv.fun/126cced236d0a2434ca95a3e787d85f8b4ef2e15ab8b3535283e24fd237d64fb.ctv
广州综合,https://stream1.freetv.fun/yan-zhou-zong-he-25.ctv
广州综合,https://stream1.freetv.fun/62b8f85cc4f35930f839a35e92c92125c91470000793ad742b9aa2571ba29449.ctv
广州综合,https://stream1.freetv.fun/a0e9caf340aadd0adb81902a099b7c9463282ea19d60993d3b6a757c4adc3295.ctv
广州综合,http://tencentplay.gztv.com/live/zonghes.m3u8?txSecret=c8dbe86d6f86eb1a21999ab479fd5667&txTime=18d3c4690e8
广州综合,https://stream1.freetv.fun/yan-zhou-zong-he-11.ctv
广州综合,https://stream1.freetv.fun/ff32c0883c2b49995d29167c3c939fb2b9056a57bee3256cc251f7b8168a9f19.ctv
广州综合,https://tencentplay.gztv.com/live/zonghes.m3u8?txSecret=e381ab098841a0badbf7e11f24143cf7&txTime=18e6ff43701
广州综合,https://tencentplay.gztv.com/live/zonghes.m3u8?txSecret=46aee5b07e8bb8fc3f5402d93d4859b0&txTime=18f5ff0491d
广州新闻,https://stream1.freetv.fun/305d767097c3c1166bac5b2654d5fd1096a2f03df9a1cc1e6d6eaff27dfc5d46.ctv
广州新闻,https://cdn13.178.indevs.in/163189/609602b1e1048784
广州新闻,https://stream1.freetv.fun/437cc3cf26ced28a8679ae2845250c791d161d7ba3d923134ead77e00bb41f37.ctv
广州新闻,https://stream1.freetv.fun/d85db11a46950343792558eabc684c0fe4c8a0ccb81e7c4a3acd3b02f304f0fb.ctv
广州新闻,https://stream1.freetv.fun/f2140334e523bcf70d157dd33d20c5465238a3b04e270a85d67ef32c2de88132.ctv
广州新闻,https://stream1.freetv.fun/ed61829ac0bb1a28d5b4b48fc44b922c449965f788f0366b085dbe80185d915b.ctv
广州新闻,https://stream1.freetv.fun/05a9487589fe73275a25df3cc5cefb81c712d4ce50c8c4524499810158f4242f.ctv
广州新闻,https://tencentplay.gztv.com/live/xinwen.m3u8?txSecret=4c09e8c2d093bcb692e036ae54ff87c7&txTime=1903e37cd8a
广州新闻,https://tencentplay.gztv.com/live/xinwen.m3u8?txSecret=6f73647cae387d01a3c2132074132a83&txTime=18d00acf487
广州新闻,https://tencentplaywebsite.gztv.com/live/xinwen.m3u8?txSecret=59c3ea18b724415cf80ef20be36478aa&txTime=194f7e9215c
广州影视,https://stream1.freetv.fun/yan-zhou-ying-shi-25.m3u8
广州影视,https://stream1.freetv.fun/yan-zhou-ying-shi-28.ctv
广州影视,https://stream1.freetv.fun/yan-zhou-ying-shi-6.ctv
广州影视,https://stream1.freetv.fun/yan-zhou-ying-shi-7.ctv
广州影视,https://stream1.freetv.fun/yan-zhou-ying-shi-15.ctv
广州法治,https://t.freetv.fun/live/yan-zhou-fa-zhi-2.m3u8
广州南国都市,https://t.freetv.fun/live/yan-zhou-nan-guo-du-shi-2.m3u8
广州南国都市,https://t.freetv.fun/live/yan-zhou-nan-guo-du-shi-5.m3u8
广州南国都市,https://cdn15.163189.xyz/163189/90871926591ebcbc
广州南国都市,https://t.freetv.fun/live/yan-zhou-nan-guo-du-shi-8.m3u8
广州南国都市,https://t.freetv.fun/live/yan-zhou-nan-guo-du-shi.m3u8
广州南国都市,https://stream1.freetv.fun/1db42734fa7838168215a84016a6b9a963f5537193c6a62cff184b61bc25f8b3.ctv
广州南国都市,http://php.jdshipin.com:8880/gztv.php?id=shenghuo
广州南国都市,https://stream1.freetv.fun/6270de04948770700f5901f847ec357c046c90cfa35ab11f3f41d083c59f6527.ctv
广州南国都市,https://t.freetv.fun/live/yan-zhou-nan-guo-du-shi-1.php
广州南国都市,http://r.jdshipin.com/nWaZO
东莞生活,https://stream.sun0769.com/dgrtv1/mp4tv2_1500/index.m3u8
东莞生活资讯,https://stream.sun0769.com/dgrtv1/mp4tv2_1500/index.m3u8?channel=1&t=1729729688&ttl=3600&key=51bc3d05bf1a5bf32ebb25742b84d19f
东莞生活资讯,http://stream.sun0769.com/dgrtv1/mp4tv2_1500/index.m3u8
东莞生活资讯,https://stream.sun0769.com/dgrtv1/mp4tv2_800/index.m3u8
东莞新闻综合,https://stream.sun0769.com/dgrtv1/mp4tv1_1500/index.m3u8?channel=1&t=1729661201&ttl=3600&key=efe2f59e0af760316837279011901742
东莞新闻综合,https://t.freetv.fun/live/dong-wan-xin-wen-zong-he-1.m3u8
东莞新闻综合,https://t.freetv.fun/live/dong-wan-xin-wen-zong-he-1-1.m3u8
东莞新闻综合,https://t.freetv.fun/live/dong-wan-xin-wen-zong-he-5.m3u8
东莞新闻综合,http://stream.sun0769.com/dgrtv1/mp4tv1_1500/index.m3u8
东莞新闻综合,https://stream.sun0769.com/dgrtv1/mp4tv1_1500/index.m3u8
东莞新闻综合,https://stream.sun0769.com/dgrtv1/mp4tv1_800/index.m3u8
番禺新闻,http://video.epaper.pybtv.cn:8080/live/rtmp_live_demo.flv
佛山公共,https://stream1.freetv.fun/dc141b428f881fe9f472a30a9dafc531473bda43f785d6467a8d8bfea91f0804.ctv
佛山公共,https://stream1.freetv.fun/c881ad0a2c1a5c32af3f9bb4b3ce8e52f88f0203e977410083afd0bd7448b27c.ctv
佛山公共,https://stream1.freetv.fun/802f0f279243c20d72eb58ca50c2cb550bc5ce39797b215b2cdadca0c9890798.ctv
佛山综合,https://stream1.freetv.fun/fo-shan-zong-he-7.ctv
佛山综合,https://stream1.freetv.fun/fo-shan-zong-he-17.ctv
佛山综合,https://stream1.freetv.fun/fo-shan-zong-he-15.ctv
佛山综合,https://stream1.freetv.fun/fo-shan-zong-he-22.ctv
佛山综合,https://stream1.freetv.fun/fo-shan-zong-he-9.ctv
佛山综合,https://stream1.freetv.fun/17bab65abfb17f7f77a75e062dd655a199792f22742aec68dc6e705e6ce109d2.ctv
佛山综合,https://stream1.freetv.fun/91d8a277cb8cd5a2071c24c604e80bf6b8b35792a374729420f8522f64c4d888.ctv
广东经济科教,https://t.freetv.fun/live/yan-dong-jing-ji-ke-jiao-1.m3u8
广东经济科教,https://t.freetv.fun/live/yan-dong-jing-ji-ke-jiao-14.m3u8
广东经济科教,https://stream1.freetv.fun/885e2bf20b8c19a26f67ee11e97e55e42fe965745049a3cad48c47b099bae8e3.ctv
广东经济科教,https://stream1.freetv.fun/6da916742390dc6d0265594a3f1361901a160e93c268df717bc4c79b204b2c39.ctv
广东卫视4K,http://ikuai.haleeyo.cn:9003/udp/239.77.0.27:5146
广东移动,http://63.141.230.178:82/gslb/zbdq5.m3u8?id=gdyd
广东移动,http://183.11.239.36:808/hls/14/index.m3u8
广东综艺,https://t.freetv.fun/live/yan-dong-zong-yi-2.m3u8
广东综艺,https://stream1.freetv.fun/d911b6e0ff31f6a93ff6a353ca00a0fe7d7d6fc450d5da931ff36f64e9842624.ctv
广东综艺,https://stream1.freetv.fun/e595ced4a7db8263d4991c9f26c8fd5f57b428506bf62ccd02dba3499ced9ed9.ctv
广东综艺(4k),http://183.11.239.36:808/hls/9/index.m3u8
广州竞赛,https://stream1.freetv.fun/yan-zhou-jing-sai-32.ctv
广州竞赛,https://stream1.freetv.fun/yan-zhou-jing-sai-33.ctv
广州竞赛,https://stream1.freetv.fun/yan-zhou-jing-sai-2.m3u8
广州竞赛,https://stream1.freetv.fun/yan-zhou-jing-sai-38.ctv
广州竞赛,https://stream1.freetv.fun/yan-zhou-jing-sai-34.ctv
广州竞赛,https://stream1.freetv.fun/yan-zhou-jing-sai-12.m3u8
广州竞赛,http://8.138.7.223/tv/gzjs.m3u8
广州竞赛,https://stream1.freetv.fun/c3217266cc75ed76bb805aee90e67ad0b53075de724f41e687f3c0c8d4bcd4a1.ctv
广州竞赛,https://stream1.freetv.fun/22d654a38839689265edcfdbbafd2fec534ca313c9ee74dd9fa8b5f7814142c6.ctv
广州竞赛,https://stream1.freetv.fun/27f9d7092799d81e57021b7bf005f383bc471e06898d81136934e0a44cc8bd8d.ctv
江门综合,https://stream1.freetv.fun/jiang-men-zong-he-4.ctv
江门综合,https://stream1.freetv.fun/jiang-men-zong-he-2.ctv
江门综合,https://stream1.freetv.fun/jiang-men-zong-he-7.ctv
江门综合,https://stream1.freetv.fun/jiang-men-zong-he-1.ctv
江门综合,https://stream1.freetv.fun/jiang-men-zong-he-6.ctv
经济科教,https://t.freetv.fun/live/jing-ji-ke-jiao.m3u8
经济科教,https://stream1.freetv.fun/335a86a4b34384eeb26091cbe319c41d060db3bbd27f3531c5dc32559550d016.ctv
经济科教,https://stream1.freetv.fun/d549d09623c4de770352b0d87049d6544dbac572bf3fef48d2722187f39f73d7.ctv
经济科教,https://stream1.freetv.fun/bd6abd2b23dbed617d651e62cb0d2e2366e235f753abb2d984ca73dc2f0dcdcd.ctv
经济科教,https://stream1.freetv.fun/a065636c4c5d5365e5ec33a78828c8b1b2d774e5ba3c88a310cb3576174ce210.ctv
经济科教,https://stream1.freetv.fun/f106d8446d750b0522f327fd8a8d4143509e7aa0e0c215074888522d05fab02a.ctv
经济科教,https://stream1.freetv.fun/294a619673d5a91d79c4b36871a50af8f02f9bd7cd7bcc392bcefb7258a2a85f.ctv
经济科教,https://stream1.freetv.fun/ad3e57945e758072baceebd9f42e26f83f042d5767d03690fd81f21dbfb038f9.ctv
经济科教,https://stream1.freetv.fun/528b27d4d039b90b328e25fb49e44dbb2b2d796d863706272026c75e663c8e1c.ctv
经济科教,https://stream1.freetv.fun/1618155ad064b06223209a4704a47f142bae7c768406e4e1d7e02c8fe355b936.ctv
岭南戏曲,http://67.220.71.199:2347/livehttpplay?channel_id=20142
岭南戏曲,https://t.freetv.fun/live/ling-nan-xi-qu-14.m3u8
岭南戏曲,https://t.freetv.fun/live/ling-nan-xi-qu.m3u8
岭南戏曲,https://t.freetv.fun/live/ling-nan-xi-qu-7.m3u8
岭南戏曲,https://t.freetv.fun/live/ling-nan-xi-qu-2.m3u8
岭南戏曲,https://stream1.freetv.fun/264e31a21561119231658f96b0711f9059bfcfdc4c333d0d806568e30014b143.ctv
岭南戏曲,https://stream1.freetv.fun/2b9bcda22eda20b248ebc3cb38293099214ed3cfd2d43e60a64f5e9e7027bf9f.ctv
汕头综合,https://stream1.freetv.fun/shan-tou-zong-he-3.ctv
汕头综合,https://stream1.freetv.fun/shan-tou-zong-he-4.ctv
汕头综合,https://stream1.freetv.fun/shan-tou-zong-he-9.ctv
汕头综合,https://stream1.freetv.fun/shan-tou-zong-he-6.ctv
汕头综合,https://stream1.freetv.fun/shan-tou-zong-he-5.ctv
汕头综合,https://stream1.freetv.fun/dd32f6d2ef2242ba2c4fcfb92531fa34b0fe4cdcedbacd33bfac1f47d60978ad.ctv
汕头综合,https://stream1.freetv.fun/59f487ca1fa87261681e758e07264ddc82ebfac41ed099b06d029cc7f0ccbc09.ctv
汕头综合,https://stream1.freetv.fun/00ad7528f23214ff2f70c326fc0c2b75a4296cd3bb5ec7f446884a16ca542d9e.ctv
汕头综合,https://stream1.freetv.fun/77128f34cb224994a131678ba3e63488626c50bd695888cdec9e522e4708ab16.ctv
汕头综合,https://stream1.freetv.fun/c95b5ce6ca401e23da88fe5a66cde26a17521d47e49728622112817742b2c843.ctv
深圳电视剧频道,http://183.11.239.36:808/hls/141/index.m3u8
现代教育,https://stream1.freetv.fun/054a74039124dae0f6d03f80e0851d324e25f7325220987177f45a16864ddce2.ctv
现代教育,https://stream1.freetv.fun/cddf0dc5a9e566bcca107479fd42ecfe6ac05fa7340970d9aa72c4b8785d8c76.ctv
中国天气,http://115.190.247.176:1111/959986621
中国天气,http://14.153.176.89:1234/959986621
中国天气,http://223.247.25.205:1234/959986621
中国天气,http://27.12.12.31:1234/959986621
中国天气,http://8.135.27.147:1234/959986621
中国天气,http://110.244.139.249:7788/959986621
中国天气,http://116.236.204.18:1234/959986621
中国天气,http://110.154.192.30:7788/959986621
海南新闻,http://ls.qingting.fm/live/1861.m3u8
海南影视,http://153.0.171.163:9901/tsfile/live/1019_1.m3u8?key=txiptv&playlive=1&authid=0
峨眉电影,http://112.19.31.13:85/tsfile/live/1006_1.m3u8?key=txiptv&playlive=1&authid=0
峨眉电影,http://118.122.144.115:8888/newlive/live/hls/32/live.m3u8
直播中国,https://gcalic.v.myalicdn.com/gc/wgw05_1/index.m3u8?contentid=2820180516001
直播中国精编直播,https://gcalic.v.myalicdn.com/gc/wgw05_1/index.m3u8
湖南张家界水绕四门,https://gcalic.v.myalicdn.com/gc/zjjsrsm_1/index.m3u8
湖南张家界水绕四门,https://gcalic.v.myalicdn.com/gc/zjjsrsm_1/index.m3u8?contentid=2820180516001
湖南张家界将军列队,https://gcalic.v.myalicdn.com/gc/zjjjjdl_1/index.m3u8
湖南张家界迷魂台,https://gcalic.v.myalicdn.com/gc/zjjmht_1/index.m3u8
湖南张家界宝峰湖,https://gcalic.v.myalicdn.com/gc/zjjbfh_1/index.m3u8
湖南张家界御笔峰,https://gcalic.v.myalicdn.com/gc/zjjybf_1/index.m3u8
新疆天山(定海神针),https://gcalic.v.myalicdn.com/gc/xjtcdhsz_1/index.m3u8
新疆天山(定海神针),http://gctxyc.liveplay.myqcloud.com/gc/xjtcdhsz_1/index.m3u8
新疆天山(定海神针),http://gctxyc.liveplay.myqcloud.com/gc/xjtcdhsz_1/index.m3u8#https://gcalic.v.myalicdn.com/gc/xjtcdhsz_1/index.m3u8
新疆天山(马牙山),https://gcalic.v.myalicdn.com/gc/xjtcmys_1/index.m3u8
新疆天山(灯杆山),https://gcalic.v.myalicdn.com/gc/xjtcdgs_1/index.m3u8
湖南张家界天门山西线玻璃栈道,https://gcalic.v.myalicdn.com/gc/tms05_1/index.m3u8
厦门鼓浪屿,https://gcalic.v.myalicdn.com/gc/gly01_1/index.m3u8
广西玉林大容山莲花山顶,https://gcalic.v.myalicdn.com/gc/drs01_1/index.m3u8
八里沟风景区桃花湾瀑布,https://gcalic.v.myalicdn.com/gc/blg05_1/index.m3u8
八里沟风景区天界山玻璃栈道,https://gcalic.v.myalicdn.com/gc/blg03_1/index.m3u8
安徽池州九华山风景区九华山,https://gcalic.v.myalicdn.com/gc/jhs05_1/index.m3u8
安徽池州九华山风景区花台,https://gcalic.v.myalicdn.com/gc/jhs01_1/index.m3u8
江苏徐州云龙湖风景区云龙山观景台西,https://gcalic.v.myalicdn.com/gc/ylh04_1/index.m3u8
南京玄武湖公园,https://gcalic.v.myalicdn.com/gc/xwh01_1/index.m3u8
云南丽江蓝月谷,https://gcalic.v.myalicdn.com/gc/ylxs12_1/index.m3u8
云南白沙远眺玉龙雪山,https://gcalic.v.myalicdn.com/gc/hkylxs03_1/index.m3u8
云南丽江玉龙雪山草甸,https://gcalic.v.myalicdn.com/gc/hkylxs06_1/index.m3u8
云南丽江冰川,https://gcalic.v.myalicdn.com/gc/hkylxs05_1/index.m3u8
云南丽江印象实景,https://gcalic.v.myalicdn.com/gc/hkylxs01_1/index.m3u8
江苏南京牛首山,https://gcalic.v.myalicdn.com/gc/nss01_1/index.m3u8?contentid=2820180516001
江苏南京牛首山,https://gcalic.v.myalicdn.com/gc/nss01_1/index.m3u8
福建漳州醉美沙滩翡翠湾,https://gcalic.v.myalicdn.com/gc/fcw03_1/index.m3u8
普陀山,https://gcalic.v.myalicdn.com/gc/pts01_1/index.m3u8
浙江舟山东极岛,https://gcalic.v.myalicdn.com/gc/djd01_1/index.m3u8
丽江古城大研花巷观景,https://gcalic.v.myalicdn.com/gc/ljgcdyhxgjt_1/index.m3u8
丽江古城大水车,https://gcalic.v.myalicdn.com/gc/ljgcdsc_1/index.m3u8
丽江古城万古楼遥望玉龙雪山,https://gcalic.v.myalicdn.com/gc/ljgcwglytylxs_1/index.m3u8
狮子山鸟瞰丽江古城,https://gcalic.v.myalicdn.com/gc/ljgcszsnkgc_1/index.m3u8
雪乡梦幻家园,https://gcalic.v.myalicdn.com/gc/mdjxxmhjyxj_1/index.m3u8
雪乡大石碑,https://gcalic.v.myalicdn.com/gc/mdjxxdsb_1/index.m3u8
乌镇蓝印花布,https://gcalic.v.myalicdn.com/gc/zjwzlyhb_1/index.m3u8
乌镇西市河,https://gcalic.v.myalicdn.com/gc/zjwzbblh_1/index.m3u8
乌镇龙形田,https://gcalic.v.myalicdn.com/gc/zjwzlxt_1/index.m3u8
乌镇全景,https://gcalic.v.myalicdn.com/gc/zjwzblt_1/index.m3u8
凤凰古城南华山,https://gcalic.v.myalicdn.com/gc/fhgcdnhs_1/index.m3u8
凤凰古城东关门,https://gcalic.v.myalicdn.com/gc/fhgcdgm_1/index.m3u8
黄花城水长城01,https://gcalic.v.myalicdn.com/gc/wgw01_1/index.m3u8
黄花城水长城02,https://gcalic.v.myalicdn.com/gc/wgw02_1/index.m3u8
黄花城水长城02,http://gctxyc.liveplay.myqcloud.com/gc/wgw02_1/index.m3u8
黄花城水长城02,http://gctxyc.liveplay.myqcloud.com/gc/wgw02_1/index.m3u8#https://gcalic.v.myalicdn.com/gc/wgw02_1/index.m3u8
黄花城水长城03,https://gcalic.v.myalicdn.com/gc/wgw03_1/index.m3u8
鸣沙山,https://gcalic.v.myalicdn.com/gc/dhyyqst_1/index.m3u8
月牙泉,https://gcalic.v.myalicdn.com/gc/dhyyqsm_1/index.m3u8
五彩池,https://gcalic.v.myalicdn.com/gc/hlwcc_1/index.m3u8
黄龙,https://gcalic.v.myalicdn.com/gc/hlzycc_1/index.m3u8
望乡台,https://gcalic.v.myalicdn.com/gc/hlwxt_1/index.m3u8
泰山主峰,https://gcalic.v.myalicdn.com/gc/taishan01_1/index.m3u8
泰山大观峰,https://gcalic.v.myalicdn.com/gc/taishan03_1/index.m3u8
泰山玉皇顶,https://gcalic.v.myalicdn.com/gc/taishan06_1/index.m3u8
泰山十八盘,https://gcalic.v.myalicdn.com/gc/taishan05_1/index.m3u8
泰山望人松,https://gcalic.v.myalicdn.com/gc/taishan02_1/index.m3u8
泰山南天门,https://gcalic.v.myalicdn.com/gc/hkts07_1/index.m3u8
泰山白云亭悬崖,https://gcalic.v.myalicdn.com/gc/hkts02_1/index.m3u8
泰山太平岭,https://gcalic.v.myalicdn.com/gc/hkts09_1/index.m3u8
泰山碧霞祠,https://gcalic.v.myalicdn.com/gc/hkts03_1/index.m3u8
黄山卧云峰,https://gcalic.v.myalicdn.com/gc/hswlf_1/index.m3u8
黄山始信新道,https://gcalic.v.myalicdn.com/gc/hsyg_1/index.m3u8
黄山排云亭,https://gcalic.v.myalicdn.com/gc/hspyt_1/index.m3u8
黄山飞来石,https://gcalic.v.myalicdn.com/gc/hsptgy_1/index.m3u8
黄山,https://gcalic.v.myalicdn.com/gc/ahhs01_1/index.m3u8
陕西洋县国宝朱鹮02,https://gcalic.v.myalicdn.com/gc/zh02_1/index.m3u8
陕西洋县国宝朱鹮03,https://gcalic.v.myalicdn.com/gc/zh03_1/index.m3u8
安徽黟县西递牌坊,https://gcalic.v.myalicdn.com/gc/yxxdpf_1/index.m3u8
安徽黟县芦村远眺,https://gcalic.v.myalicdn.com/gc/yxlcyt_1/index.m3u8?contentid=2820180516001
安徽黟县芦村远眺,https://gcalic.v.myalicdn.com/gc/yxlcyt_1/index.m3u8
中央电视塔东,https://gcalic.v.myalicdn.com/gc/ztd_1/index.m3u8
中央电视塔南,https://gcalic.v.myalicdn.com/gc/ztn_1/index.m3u8
恒山悬空寺全景,https://gcalic.v.myalicdn.com/gc/hsxksqj_1/index.m3u8
黄果树六角亭瀑布,https://gcalic.v.myalicdn.com/gc/hgsspzxdpb_1/index.m3u8
天涯石,https://gcalic.v.myalicdn.com/gc/tyhjtys_1/index.m3u8
六盘山红军长征景区,https://gcalic.v.myalicdn.com/gc/lpsgmjng01_1/index.m3u8
贵州省兴义市万峰林,https://gcalic.v.myalicdn.com/gc/xywfl_1/index.m3u8
云南大理崇圣寺三塔中景,https://gcalic.v.myalicdn.com/gc/dlst03_1/index.m3u8
云南大理崇圣寺三塔远景,https://gcalic.v.myalicdn.com/gc/dlst01_1/index.m3u8
广西桂林漓江景区,https://gcalic.v.myalicdn.com/gc/gllj01_1/index.m3u8
青岛崂山双福,https://gcalic.v.myalicdn.com/gc/qdls03_1/index.m3u8
青岛崂山八水河,https://gcalic.v.myalicdn.com/gc/qdls02_1/index.m3u8
张掖七彩丹霞,https://gcalic.v.myalicdn.com/gc/zyqcdx01_1/index.m3u8
都江堰鱼嘴,https://gcalic.v.myalicdn.com/gc/djyqyl1_1/index.m3u8
乐山大佛全景,https://gcalic.v.myalicdn.com/gc/lsdfgfl_1/index.m3u8
福建武夷山玉女峰,https://gcalic.v.myalicdn.com/gc/wysynf_1/index.m3u8
福建武夷山玉女峰,https://gcalic.v.myalicdn.com/gc/wysynf_1/index.m3u8?contentid=2820180516001
熊猫直播,https://gcwbndali.v.myalicdn.com/gcwbnd/ipanda1000_2/index.m3u8
黑龙江哈尔滨霁虹桥,https://gctxyc.liveplay.myqcloud.com/gc/hkts09_1/index.m3u8
江苏无锡大剧院,https://gctxyc.liveplay.myqcloud.com/gc/hkts07_1/index.m3u8
云南丽江玉龙雪山,https://gcalic.v.myalicdn.com/gc/ylxs11_1/index.m3u8
浙江舟山嵊泗县中心渔港,https://gcalic.v.myalicdn.com/gc/emsyh_1/index.m3u8
更新时间: 2026-05-26 01:47:36（北京时间）仅供娱乐,切勿商用。
2026-05-26 01:47:36,http://kakaxi.indevs.in/Disclaimer.mp4
CCTV4欧洲,http://8.135.27.147:1234/608807419
CCTV4欧洲,http://110.154.192.30:7788/608807419
CCTV4欧洲,http://47.119.24.76:59093/608807419
CCTV4欧洲,http://124.77.202.8:49155/608807419
CCTV4欧洲,http://101.6.130.52:1234/608807419
CCTV4欧洲,http://47.108.228.131:12193/live_ywzh.php?id=18
CCTV4美洲,http://8.135.27.147:1234/608807416
CCTV4美洲,http://47.119.24.76:59093/608807416
CCTV4美洲,http://110.154.192.30:7788/608807416
CCTV4美洲,http://124.77.202.8:49155/608807416
CCTV4美洲,http://101.6.130.52:1234/608807416
CCTV4美洲,http://47.108.228.131:12193/live_ywzh.php?id=19
兵器科技,http://207.56.13.146:81/cdnlive/gfjs.m3u8
风云音乐,http://207.56.13.146:81/cdnlive/fyyy.m3u8
风云足球,http://207.56.13.146:81/cdnlive/fyzq.m3u8
女性时尚,http://207.56.13.146:81/cdnlive/nxss.m3u8
世界地理,http://207.56.13.146:81/cdnlive/sjdl.m3u8
央视台球,http://207.56.13.146:81/cdnlive/ystq.m3u8
高尔夫网球,http://207.56.13.146:81/cdnlive/gefwq.m3u8
央视文化精品,http://207.56.13.146:81/cdnlive/ysjp.m3u8
老故事,http://124.77.202.8:49155/884121956
老故事,http://101.6.130.52:1234/884121956
老故事,http://110.154.192.30:7788/884121956
老故事,http://8.135.27.147:1234/884121956
老故事,http://47.119.24.76:59093/884121956
老故事,http://47.108.228.131:12193/live_ywzh.php?id=25
中学生,http://124.77.202.8:49155/708869532
中学生,http://110.154.192.30:7788/708869532
中学生,http://101.6.130.52:1234/708869532
中学生,http://47.119.24.76:59093/708869532
中学生,http://8.135.27.147:1234/708869532
中学生,http://47.108.228.131:12193/live_ywzh.php?id=27
发现之旅,http://101.6.130.52:1234/624878970
发现之旅,http://110.154.192.30:7788/624878970
发现之旅,http://8.135.27.147:1234/624878970
发现之旅,http://47.119.24.76:59093/624878970
发现之旅,http://124.77.202.8:49155/624878970
发现之旅,http://47.108.228.131:12193/live_ywzh.php?id=26
兵团卫视,http://47.119.24.76:59093/956923145
兵团卫视,http://101.6.130.52:1234/956923145
兵团卫视,http://124.77.202.8:49155/956923145
兵团卫视,http://8.135.27.147:1234/956923145
兵团卫视,http://110.154.192.30:7788/956923145
兵团卫视,http://47.108.228.131:12193/live_ywzh.php?id=53
延边卫视,https://srs.iyb983.cn:443/video/CYS/index.m3u8
山东教育卫视,http://8.135.27.147:1234/609154353
山东教育卫视,http://110.154.192.30:7788/609154353
山东教育卫视,http://101.6.130.52:1234/609154353
山东教育卫视,http://47.108.228.131:12193/live_ywzh.php?id=104
CHC影迷电影,http://8.135.27.147:1234/952383261
CHC影迷电影,http://110.154.192.30:7788/952383261
CHC影迷电影,http://101.6.130.52:1234/952383261
CHC影迷电影,http://47.108.228.131:12193/live_ywzh.php?id=95
重温经典,http://cdn6.163189.xyz/163189/cwjd
经典香港电影,http://110.154.192.30:7788/625703337
经典香港电影,http://8.135.27.147:1234/625703337
经典香港电影,http://101.6.130.52:1234/625703337
经典香港电影,http://47.108.228.131:12193/live_ywzh.php?id=92
抗战经典影片,http://101.6.130.52:1234/617432318
抗战经典影片,http://8.135.27.147:1234/617432318
抗战经典影片,http://110.154.192.30:7788/617432318
抗战经典影片,http://47.108.228.131:12193/live_ywzh.php?id=93
TVB Plus,https://o11.163189.xyz/stream/tvb/tvbp/
凤凰卫视资讯台,http://cdn6.163189.xyz/163189/fhzx
睛彩青少,http://feilong123.vip/409990236/iptv/gdy.php?id=1
睛彩竞技,http://feilong123.vip/409990236/iptv/gdy.php?id=24
睛彩竞技,http://feilong123.vip/409990236/iptv/gdy.php?id=18
睛彩篮球,http://feilong123.vip/409990236/iptv/gdy.php?id=2
睛彩篮球,http://feilong123.vip/409990236/iptv/gdy.php?id=23
五星体育,https://cdn15.163189.xyz/163189/9c893bb003e1c7de
快乐垂钓,http://8.135.27.147:1234/961930263
快乐垂钓,http://101.6.130.52:1234/961930263
快乐垂钓,http://47.119.24.76:59093/961930263
快乐垂钓,http://124.77.202.8:49155/961930263
快乐垂钓,http://110.154.192.30:7788/961930263
快乐垂钓,http://47.108.228.131:12193/live_ywzh.php?id=34
四海钓鱼,http://124.77.202.8:49155/637444975
四海钓鱼,http://8.135.27.147:1234/637444975
四海钓鱼,http://110.154.192.30:7788/637444975
四海钓鱼,http://47.119.24.76:59093/637444975
四海钓鱼,http://101.6.130.52:1234/637444975
四海钓鱼,http://47.108.228.131:12193/live_ywzh.php?id=31
嘉佳卡通,http://101.6.130.52:1234/614952364
嘉佳卡通,http://110.154.192.30:7788/614952364
嘉佳卡通,http://8.135.27.147:1234/614952364
嘉佳卡通,http://47.108.228.131:12193/live_ywzh.php?id=117
中国天气,http://101.6.130.52:1234/959986621
中国天气,http://110.154.192.30:7788/959986621
中国天气,http://8.135.27.147:1234/959986621
中国天气,http://47.108.228.131:12193/live_ywzh.php?id=100
橙記Orange丶4549169,https://live.ottiptv.cc/douyu/4549169
baby丶贝贝431460,https://live.ottiptv.cc/douyu/431460
怡宝妹妹丶434971,https://live.ottiptv.cc/douyu/434971
Poison丶冰冰74374,https://live.ottiptv.cc/douyu/74374
龍組队长天昊1487654,https://live.ottiptv.cc/douyu/1487654
竹叶的熊猫3870925,https://live.ottiptv.cc/douyu/3870925
Only丶邵氏4246519,https://live.ottiptv.cc/douyu/4246519
苹果Zei妖2793084,https://live.ottiptv.cc/douyu/2793084
苹果Zei甜1174353,https://live.ottiptv.cc/douyu/1174353
永远快乐的小美女6091425,https://live.ottiptv.cc/douyu/6091425
网神影厅508118,https://live.ottiptv.cc/douyu/508118
一把钢刀镇斗虞7356023,https://live.ottiptv.cc/douyu/7356023
我砸晕了牛顿奥1218414,https://live.ottiptv.cc/douyu/1218414
草帽丶海贼团997925,https://live.ottiptv.cc/douyu/997925
粤语电影丶1226741,https://live.ottiptv.cc/douyu/1226741
萌小鬼3928,https://live.ottiptv.cc/douyu/3928
当铁手团遇到光复社5875025,https://live.ottiptv.cc/douyu/5875025
当幽兰剑遇上链子刀6027991,https://live.ottiptv.cc/douyu/6027991
懒猫是只喵260322,https://live.ottiptv.cc/douyu/260322
智仗心5635000,https://live.ottiptv.cc/douyu/5635000
师落6911044,https://live.ottiptv.cc/douyu/6911044
单纯的顺才少爷10084875,https://live.ottiptv.cc/douyu/10084875
聚聚聚一个月4105989,https://live.ottiptv.cc/douyu/4105989
豆腐芭比6478650,https://live.ottiptv.cc/douyu/6478650
万事通熊猫7812810,https://live.ottiptv.cc/douyu/7812810
米尼影院7642724,https://live.ottiptv.cc/douyu/7642724
网神影厅508118,https://live.ottiptv.cc/douyu/508118
伊太刀刀747764,https://live.ottiptv.cc/douyu/747764
小毅主播q6906628,https://live.ottiptv.cc/douyu/6906628
小毅主播e11851549,https://live.ottiptv.cc/douyu/11851549
奇光主播8009547,https://live.ottiptv.cc/douyu/8009547
奇光主播e11849873,https://live.ottiptv.cc/douyu/11849873
奇光主播q12560807,https://live.ottiptv.cc/douyu/12560807
牛叔说电影2758565,https://live.ottiptv.cc/douyu/2758565
周星星,https://live.ottiptv.cc/huya/11342412
悠悠爱电影,https://live.ottiptv.cc/huya/30611864
涂涂观影团,https://live.ottiptv.cc/huya/30513350
萌萌小桃子,https://live.ottiptv.cc/huya/29807256
亚、娜,https://live.ottiptv.cc/huya/30581465
7喜先生,https://live.ottiptv.cc/huya/11342421
沐希兔子,https://live.ottiptv.cc/huya/29835225
都爱看,https://live.ottiptv.cc/huya/26058097
古惑仔,https://live.ottiptv.cc/yy/1458015189
港片 喜剧 动作,https://live.ottiptv.cc/yy/1355480591
【周星驰】搞笑电影,https://live.ottiptv.cc/yy/38670875
恐怖电影,https://live.ottiptv.cc/yy/24066336
林正英经典,https://live.ottiptv.cc/yy/1351505899
经典电影重温,https://live.ottiptv.cc/yy/1382793140
鬼片喜剧动作港剧,https://live.ottiptv.cc/yy/1355269576
